../Core/Src/main.c:60:6:display7SEG	24	static
../Core/Src/main.c:81:6:setTimer0	16	static
../Core/Src/main.c:86:6:setTimer1	16	static
../Core/Src/main.c:91:6:timer_run	4	static
../Core/Src/main.c:107:5:main	8	static
../Core/Src/main.c:174:6:SystemClock_Config	72	static
../Core/Src/main.c:211:13:MX_TIM2_Init	32	static
../Core/Src/main.c:256:13:MX_GPIO_Init	32	static
../Core/Src/main.c:293:6:HAL_TIM_PeriodElapsedCallback	16	static
../Core/Src/main.c:296:6:update7SEG	16	static
../Core/Src/main.c:326:6:updateClockBuffer	4	static
../Core/Src/main.c:338:6:Error_Handler	4	static,ignoring_inline_asm
